<?xml version="1.0" encoding="utf-8"?><testsuites name="pytest tests"><testsuite name="pytest" errors="0" failures="0" skipped="0" tests="198" time="51.453" timestamp="2026-07-14T20:56:18.175355-03:00" hostname="GFT-6JGCRM3"><testcase classname="tests.test_cliente_repository" name="test_add_client" time="0.627" /><testcase classname="tests.test_cliente_repository" name="test_get_specific_client" time="0.632" /><testcase classname="tests.test_cliente_repository" name="test_get_all_clients" time="0.637" /><testcase classname="tests.test_cliente_repository" name="test_update_client_infos" time="0.630" /><testcase classname="tests.test_cliente_repository" name="test_delete_client" time="0.669" /><testcase classname="tests.test_cliente_repository" name="test_transfer_client_vehicle" time="0.667" /><testcase classname="tests.test_cliente_schema" name="test_cliente_schema_valido" time="0.001" /><testcase classname="tests.test_cliente_schema" name="test_cliente_schema_invalido" time="0.014" /><testcase classname="tests.test_cliente_schema" name="test_cliente_update_schema_parcial" time="0.001" /><testcase classname="tests.test_cliente_schema" name="test_cliente_update_model_dump" time="0.002" /><testcase classname="tests.test_cliente_schema" name="test_consult_all_clients_response" time="0.002" /><testcase classname="tests.test_cliente_schema" name="test_consult_client_response_sem_veiculos" time="0.003" /><testcase classname="tests.test_cliente_schema" name="test_consult_client_response_com_veiculos" time="0.002" /><testcase classname="tests.test_cliente_service.TestValidarCPF" name="test_cpf_valido" time="0.002" /><testcase classname="tests.test_cliente_service.TestValidarCPF" name="test_cpf_valido_sem_formatacao" time="0.002" /><testcase classname="tests.test_cliente_service.TestValidarCPF" name="test_cpf_tamanho_invalido" time="0.001" /><testcase classname="tests.test_cliente_service.TestValidarCPF" name="test_cpf_todos_digitos_iguais" time="0.002" /><testcase classname="tests.test_cliente_service.TestValidarCPF" name="test_cpf_digito1_invalido" time="0.001" /><testcase classname="tests.test_cliente_service.TestValidarCPF" name="test_cpf_digito2_invalido" time="0.002" /><testcase classname="tests.test_cliente_service.TestCadastrarCliente" name="test_cadastrar_cliente_sucesso" time="0.007" /><testcase classname="tests.test_cliente_service.TestCadastrarCliente" name="test_cadastrar_cliente_cpf_duplicado" time="0.006" /><testcase classname="tests.test_cliente_service.TestCadastrarCliente" name="test_cadastrar_cliente_cpf_invalido" time="0.005" /><testcase classname="tests.test_cliente_service.TestListarClientes" name="test_listar_clientes_sucesso" time="0.003" /><testcase classname="tests.test_cliente_service.TestListarClientes" name="test_listar_clientes_vazio" time="0.003" /><testcase classname="tests.test_cliente_service.TestListarVeiculosCliente" name="test_listar_veiculos_sucesso" time="0.007" /><testcase classname="tests.test_cliente_service.TestListarVeiculosCliente" name="test_listar_veiculos_cliente_nao_encontrado" time="0.004" /><testcase classname="tests.test_cliente_service.TestListarVeiculosCliente" name="test_listar_veiculos_cliente_sem_veiculos" time="0.049" /><testcase classname="tests.test_cliente_service.TestRemoverCliente" name="test_remover_cliente_sucesso" time="0.006" /><testcase classname="tests.test_cliente_service.TestRemoverCliente" name="test_remover_cliente_nao_encontrado" time="0.004" /><testcase classname="tests.test_cliente_service.TestRemoverCliente" name="test_remover_cliente_falha_no_banco" time="0.006" /><testcase classname="tests.test_cliente_service.TestTransferirVeiculoCliente" name="test_transferir_veiculo_sucesso" time="0.009" /><testcase classname="tests.test_cliente_service.TestTransferirVeiculoCliente" name="test_transferir_veiculo_cliente_nao_encontrado" time="0.003" /><testcase classname="tests.test_cliente_service.TestTransferirVeiculoCliente" name="test_transferir_veiculo_nao_encontrado" time="0.004" /><testcase classname="tests.test_cliente_service.TestAtualizarInformacaoCliente" name="test_atualizar_sucesso" time="0.008" /><testcase classname="tests.test_cliente_service.TestAtualizarInformacaoCliente" name="test_atualizar_cliente_nao_encontrado" time="0.002" /><testcase classname="tests.test_cliente_service.TestAtualizarInformacaoCliente" name="test_atualizar_falha_no_banco" time="0.004" /><testcase classname="tests.test_cliente_service.TestConsultarCliente" name="test_consultar_cliente_sucesso" time="0.003" /><testcase classname="tests.test_cliente_service.TestConsultarCliente" name="test_consultar_cliente_nao_encontrado" time="0.003" /><testcase classname="tests.test_database" name="test_get_db_yield_and_close" time="0.003" /><testcase classname="tests.test_database" name="test_get_db_close_on_exception" time="0.003" /><testcase classname="tests.test_emailservice" name="test_enviar_email_aprovacao_sucesso" time="0.010" /><testcase classname="tests.test_emailservice" name="test_enviar_email_headers" time="0.005" /><testcase classname="tests.test_emailservice" name="test_enviar_email_erro_smtp" time="0.002" /><testcase classname="tests.test_integration.TestFluxoPrincipal" name="test_01_cadastrar_cliente" time="1.184" /><testcase classname="tests.test_integration.TestFluxoPrincipal" name="test_02_cadastrar_veiculo" time="0.066" /><testcase classname="tests.test_integration.TestFluxoPrincipal" name="test_03_cadastrar_peca" time="0.063" /><testcase classname="tests.test_integration.TestFluxoPrincipal" name="test_04_cadastrar_servico" time="0.062" /><testcase classname="tests.test_integration.TestFluxoPrincipal" name="test_05_criar_os" time="0.096" /><testcase classname="tests.test_integration.TestFluxoPrincipal" name="test_06_adicionar_peca_na_os" time="0.112" /><testcase classname="tests.test_integration.TestFluxoPrincipal" name="test_07_adicionar_servico_na_os" time="0.069" /><testcase classname="tests.test_integration.TestFluxoPrincipal" name="test_08_avancar_os_para_em_diagnostico" time="0.057" /><testcase classname="tests.test_integration.TestFluxoPrincipal" name="test_09_avancar_os_para_aguardando_aprovacao" time="10.281" /><testcase classname="tests.test_integration.TestFluxoPrincipal" name="test_10_aprovar_os" time="0.045" /><testcase classname="tests.test_integration.TestFluxoPrincipal" name="test_11_avancar_os_para_finalizada" time="0.034" /><testcase classname="tests.test_integration.TestFluxoPrincipal" name="test_12_avancar_os_para_entregue" time="0.034" /><testcase classname="tests.test_integration.TestFluxoPrincipal" name="test_13_consultar_os_entregue" time="0.239" /><testcase classname="tests.test_ordem_servico_schema" name="test_ordem_servico_schema_valido" time="0.001" /><testcase classname="tests.test_ordem_servico_schema" name="test_ordem_servico_schema_invalido" time="0.001" /><testcase classname="tests.test_ordem_servico_schema" name="test_os_update_schema_parcial" time="0.001" /><testcase classname="tests.test_ordem_servico_schema" name="test_os_update_schema_dump" time="0.001" /><testcase classname="tests.test_ordem_servico_schema" name="test_os_response_valido" time="0.001" /><testcase classname="tests.test_ordem_servico_schema" name="test_os_response_invalido" time="0.001" /><testcase classname="tests.test_os_repository" name="test_create_new_os" time="0.607" /><testcase classname="tests.test_os_repository" name="test_get_all_os" time="0.650" /><testcase classname="tests.test_os_repository" name="test_get_specific_os" time="0.580" /><testcase classname="tests.test_os_repository" name="test_update_os" time="0.660" /><testcase classname="tests.test_os_repository" name="test_remove_os" time="0.622" /><testcase classname="tests.test_os_repository" name="test_advance_os_execucao" time="0.660" /><testcase classname="tests.test_os_repository" name="test_advance_os_finalizada" time="0.639" /><testcase classname="tests.test_os_repository" name="test_advance_os_entregue" time="0.661" /><testcase classname="tests.test_os_repository" name="test_advance_os_envia_email" time="0.597" /><testcase classname="tests.test_os_repository" name="test_approve_os" time="0.572" /><testcase classname="tests.test_os_repository" name="test_add_os_peca" time="0.586" /><testcase classname="tests.test_os_repository" name="test_get_peca_da_os" time="0.451" /><testcase classname="tests.test_os_repository" name="test_remove_os_peca" time="0.545" /><testcase classname="tests.test_os_repository" name="test_add_service_os" time="0.546" /><testcase classname="tests.test_os_repository" name="test_get_os_service" time="0.693" /><testcase classname="tests.test_os_repository" name="test_remove_service_os" time="0.655" /><testcase classname="tests.test_os_repository" name="test_validate_is_os_open" time="0.562" /><testcase classname="tests.test_os_repository" name="test_reject_os" time="0.644" /><testcase classname="tests.test_os_repository" name="test_validate_is_os_open_ignora_reprovada" time="0.620" /><testcase classname="tests.test_os_repository" name="test_validate_is_os_open_ignora_entregue" time="0.657" /><testcase classname="tests.test_osservice" name="test_criar_os_sucesso" time="0.008" /><testcase classname="tests.test_osservice" name="test_criar_os_ja_existe_aberta" time="0.008" /><testcase classname="tests.test_osservice" name="test_criar_os_veiculo_nao_pertence" time="0.008" /><testcase classname="tests.test_osservice" name="test_criar_os_completa_peca_nao_encontrada" time="0.004" /><testcase classname="tests.test_osservice" name="test_criar_os_completa_estoque_insuficiente" time="0.005" /><testcase classname="tests.test_osservice" name="test_criar_os_completa_servico_nao_encontrado" time="0.002" /><testcase classname="tests.test_osservice" name="test_criar_os_completa_veiculo_de_outro_cliente" time="0.006" /><testcase classname="tests.test_osservice" name="test_criar_os_completa_veiculo_com_os_aberta" time="0.006" /><testcase classname="tests.test_osservice" name="test_criar_os_completa_cliente_e_veiculo_novos" time="0.012" /><testcase classname="tests.test_osservice" name="test_criar_os_completa_cliente_existente_atualiza" time="0.008" /><testcase classname="tests.test_osservice" name="test_criar_os_completa_veiculo_existente_atualiza" time="0.010" /><testcase classname="tests.test_osservice" name="test_criar_os_completa_com_pecas_e_servicos" time="0.018" /><testcase classname="tests.test_osservice" name="test_consultar_os_calculo_total" time="0.006" /><testcase classname="tests.test_osservice" name="test_avancar_os_sucesso" time="0.005" /><testcase classname="tests.test_osservice" name="test_avancar_os_bloqueado" time="0.004" /><testcase classname="tests.test_osservice" name="test_aprovar_os_sucesso" time="0.005" /><testcase classname="tests.test_osservice" name="test_reprovar_os_sucesso" time="0.004" /><testcase classname="tests.test_osservice" name="test_reprovar_os_nao_encontrada" time="0.002" /><testcase classname="tests.test_osservice" name="test_reprovar_os_status_invalido" time="0.004" /><testcase classname="tests.test_osservice" name="test_reprovar_os_cpf_invalido" time="0.004" /><testcase classname="tests.test_osservice" name="test_listar_os_sucesso" time="0.003" /><testcase classname="tests.test_osservice" name="test_listar_os_vazio" time="0.003" /><testcase classname="tests.test_osservice" name="test_atualizar_os_sucesso" time="0.010" /><testcase classname="tests.test_osservice" name="test_atualizar_os_nao_encontrada" time="0.004" /><testcase classname="tests.test_osservice" name="test_remover_os_sucesso" time="0.005" /><testcase classname="tests.test_osservice" name="test_remover_os_erro" time="0.003" /><testcase classname="tests.test_osservice" name="test_consultar_os_nao_encontrada" time="0.003" /><testcase classname="tests.test_osservice" name="test_aprovar_os_status_invalido" time="0.004" /><testcase classname="tests.test_osservice" name="test_aprovar_os_cpf_invalido" time="0.005" /><testcase classname="tests.test_osservice" name="test_adicionar_peca_os_sucesso" time="0.008" /><testcase classname="tests.test_osservice" name="test_remover_peca_os_sucesso" time="0.005" /><testcase classname="tests.test_osservice" name="test_adicionar_servico_os_sucesso" time="0.004" /><testcase classname="tests.test_osservice" name="test_remover_servico_os_sucesso" time="0.007" /><testcase classname="tests.test_osservice" name="test_mostrar_aprovacao_html" time="0.001" /><testcase classname="tests.test_peca_repository" name="test_add_peca" time="0.630" /><testcase classname="tests.test_peca_repository" name="test_get_all_pecas" time="0.674" /><testcase classname="tests.test_peca_repository" name="test_describe_peca" time="0.628" /><testcase classname="tests.test_peca_repository" name="test_update_peca" time="0.669" /><testcase classname="tests.test_peca_repository" name="test_delete_peca" time="0.665" /><testcase classname="tests.test_peca_repository" name="test_delete_peca_inexistente" time="0.593" /><testcase classname="tests.test_peca_repository" name="test_add_peca_amount" time="0.626" /><testcase classname="tests.test_peca_repository" name="test_remove_peca_amount" time="0.635" /><testcase classname="tests.test_peca_repository" name="test_remove_peca_amount_negativo" time="0.641" /><testcase classname="tests.test_peca_schema" name="test_peca_schema_valido" time="0.001" /><testcase classname="tests.test_peca_schema" name="test_peca_schema_invalido" time="0.001" /><testcase classname="tests.test_peca_schema" name="test_update_peca_schema_parcial" time="0.001" /><testcase classname="tests.test_peca_schema" name="test_update_peca_schema_dump" time="0.001" /><testcase classname="tests.test_peca_schema" name="test_peca_response_valido" time="0.001" /><testcase classname="tests.test_peca_schema" name="test_peca_response_invalido" time="0.001" /><testcase classname="tests.test_peca_schema" name="test_consult_all_pecas_schema" time="0.001" /><testcase classname="tests.test_peca_service" name="test_adicionar_peca_sucesso" time="0.003" /><testcase classname="tests.test_peca_service" name="test_adicionar_peca_erro" time="0.002" /><testcase classname="tests.test_peca_service" name="test_listar_pecas_sucesso" time="0.002" /><testcase classname="tests.test_peca_service" name="test_listar_pecas_vazio" time="0.002" /><testcase classname="tests.test_peca_service" name="test_consultar_peca_sucesso" time="0.002" /><testcase classname="tests.test_peca_service" name="test_consultar_peca_nao_encontrada" time="0.003" /><testcase classname="tests.test_peca_service" name="test_atualizar_peca_sucesso" time="0.002" /><testcase classname="tests.test_peca_service" name="test_atualizar_peca_nao_encontrada" time="0.002" /><testcase classname="tests.test_peca_service" name="test_remover_peca_sucesso" time="0.002" /><testcase classname="tests.test_peca_service" name="test_remover_peca_nao_encontrada" time="0.002" /><testcase classname="tests.test_peca_service" name="test_adicionar_estoque_sucesso" time="0.002" /><testcase classname="tests.test_peca_service" name="test_adicionar_estoque_erro" time="0.003" /><testcase classname="tests.test_peca_service" name="test_remover_estoque_sucesso" time="0.002" /><testcase classname="tests.test_peca_service" name="test_remover_estoque_erro" time="0.002" /><testcase classname="tests.test_servico_repository" name="test_add_mechanic_service" time="0.605" /><testcase classname="tests.test_servico_repository" name="test_get_all_services" time="0.642" /><testcase classname="tests.test_servico_repository" name="test_describe_service" time="0.584" /><testcase classname="tests.test_servico_repository" name="test_update_service" time="0.674" /><testcase classname="tests.test_servico_repository" name="test_delete_service" time="0.672" /><testcase classname="tests.test_servico_schema" name="test_servico_schema_valido" time="0.001" /><testcase classname="tests.test_servico_schema" name="test_servico_schema_invalido" time="0.001" /><testcase classname="tests.test_servico_schema" name="test_update_service_schema_parcial" time="0.001" /><testcase classname="tests.test_servico_schema" name="test_update_service_schema_dump" time="0.001" /><testcase classname="tests.test_servico_schema" name="test_servico_response_valido" time="0.001" /><testcase classname="tests.test_servico_schema" name="test_servico_response_invalido" time="0.002" /><testcase classname="tests.test_servico_schema" name="test_consult_all_servicos_schema" time="0.001" /><testcase classname="tests.test_servico_service" name="test_adicionar_servico_sucesso" time="0.002" /><testcase classname="tests.test_servico_service" name="test_adicionar_servico_erro" time="0.003" /><testcase classname="tests.test_servico_service" name="test_listar_servicos_sucesso" time="0.002" /><testcase classname="tests.test_servico_service" name="test_listar_servicos_vazio" time="0.002" /><testcase classname="tests.test_servico_service" name="test_consultar_servico_sucesso" time="0.003" /><testcase classname="tests.test_servico_service" name="test_consultar_servico_nao_encontrado" time="0.004" /><testcase classname="tests.test_servico_service" name="test_atualizar_servico_sucesso" time="0.004" /><testcase classname="tests.test_servico_service" name="test_atualizar_servico_nao_encontrado" time="0.003" /><testcase classname="tests.test_servico_service" name="test_atualizar_servico_erro" time="0.003" /><testcase classname="tests.test_servico_service" name="test_remover_servico_sucesso" time="0.004" /><testcase classname="tests.test_servico_service" name="test_remover_servico_nao_encontrado" time="0.004" /><testcase classname="tests.test_servico_service" name="test_remover_servico_erro" time="0.004" /><testcase classname="tests.test_shared_schemas" name="test_cliente_resumo_valido" time="0.001" /><testcase classname="tests.test_shared_schemas" name="test_cliente_resumo_invalido" time="0.002" /><testcase classname="tests.test_shared_schemas" name="test_cliente_resumo_tipo_invalido" time="0.002" /><testcase classname="tests.test_shared_schemas" name="test_cliente_resumo_from_attributes" time="0.002" /><testcase classname="tests.test_veiculo_repository" name="test_add_veiculo" time="0.630" /><testcase classname="tests.test_veiculo_repository" name="test_get_vehicle" time="0.570" /><testcase classname="tests.test_veiculo_repository" name="test_get_all_vehicles" time="0.629" /><testcase classname="tests.test_veiculo_repository" name="test_update_vehicle_info" time="0.617" /><testcase classname="tests.test_veiculo_repository" name="test_delete_vehicle" time="0.475" /><testcase classname="tests.test_veiculo_schema" name="test_veiculo_schema_valido" time="0.001" /><testcase classname="tests.test_veiculo_schema" name="test_veiculo_schema_invalido" time="0.001" /><testcase classname="tests.test_veiculo_schema" name="test_add_vehicle_response_valido" time="0.001" /><testcase classname="tests.test_veiculo_schema" name="test_update_vehicle_schema_parcial" time="0.001" /><testcase classname="tests.test_veiculo_schema" name="test_update_vehicle_schema_dump" time="0.001" /><testcase classname="tests.test_veiculo_schema" name="test_consult_client_veiculo_response" time="0.001" /><testcase classname="tests.test_veiculo_schema" name="test_consult_client_veiculo_response_invalido" time="0.001" /><testcase classname="tests.test_veiculo_schema" name="test_consult_all_vehicles" time="0.001" /><testcase classname="tests.test_veiculo_service" name="test_cadastrar_veiculo_sucesso" time="0.002" /><testcase classname="tests.test_veiculo_service" name="test_cadastrar_veiculo_placa_existente" time="0.002" /><testcase classname="tests.test_veiculo_service" name="test_cadastrar_veiculo_erro_salvar" time="0.003" /><testcase classname="tests.test_veiculo_service" name="test_consultar_veiculo_sucesso" time="0.001" /><testcase classname="tests.test_veiculo_service" name="test_consultar_veiculo_nao_encontrado" time="0.001" /><testcase classname="tests.test_veiculo_service" name="test_atualizar_veiculo_sucesso" time="0.002" /><testcase classname="tests.test_veiculo_service" name="test_atualizar_veiculo_nao_encontrado" time="0.002" /><testcase classname="tests.test_veiculo_service" name="test_listar_veiculos_sucesso" time="0.002" /><testcase classname="tests.test_veiculo_service" name="test_listar_veiculos_vazio" time="0.002" /><testcase classname="tests.test_veiculo_service" name="test_remover_veiculo_sucesso" time="0.002" /><testcase classname="tests.test_veiculo_service" name="test_remover_veiculo_nao_encontrado" time="0.002" /></testsuite></testsuites>